Nothing to build in platform 'design_1_wrapper'

15:35:08 **** Incremental Build of configuration Debug for project VDMA_TEST_2 ****
make all 
make --no-print-directory pre-build
a9-linaro-pre-build-step
' '
make --no-print-directory main-build
'Building file: ../src/freertos_hello_world.c'
'Invoking: ARM v7 gcc compiler'
arm-none-eabi-gcc -Wall -O0 -g3 -c -fmessage-length=0 -MT"src/freertos_hello_world.o" -mcpu=cortex-a9 -mfpu=vfpv3 -mfloat-abi=hard -IC:/XilinxDev/PBEAI3/EOS_PXL_2025/Pynq-Z2-Video/vitis/design_1_wrapper/export/design_1_wrapper/sw/design_1_wrapper/freertos10_xilinx_ps7_cortexa9_0/bspinclude/include -MMD -MP -MF"src/freertos_hello_world.d" -MT"src/freertos_hello_world.o" -o "src/freertos_hello_world.o" "../src/freertos_hello_world.c"
In file included from ../src/freertos_hello_world.c:23:
../src/videobuffer.h: In function 'MoveBoxWithVelocityAndAngle':
../src/videobuffer.h:182:14: warning: unused variable 'rectHeight' [-Wunused-variable]
  182 |     uint16_t rectHeight = getHeight(*currentRect);
      |              ^~~~~~~~~~
../src/videobuffer.h:181:14: warning: unused variable 'rectWidth' [-Wunused-variable]
  181 |     uint16_t rectWidth = getWidth(*currentRect);
      |              ^~~~~~~~~
../src/videobuffer.h: In function 'screenprintCharacter':
../src/videobuffer.h:212:27: warning: pointer targets in initialization of 'uint8_t *' {aka 'unsigned char *'} from 'char *' differ in signedness [-Wpointer-sign]
  212 |     uint8_t* charBitmap = font8x8_basic[charIndex];
      |                           ^~~~~~~~~~~~~
../src/videobuffer.h: In function 'screenprintf':
../src/videobuffer.h:236:5: warning: implicit declaration of function 'vsnprintf' [-Wimplicit-function-declaration]
  236 |     vsnprintf(formattedString, sizeof(formattedString), format, args);
      |     ^~~~~~~~~
../src/videobuffer.h:7:1: note: include '<stdio.h>' or provide a declaration of 'vsnprintf'
    6 | #include "font8x8_basic.h"
  +++ |+#include <stdio.h>
    7 | 
../src/freertos_hello_world.c: At top level:
../src/freertos_hello_world.c:31:13: warning: 'prvTxTask' declared 'static' but never defined [-Wunused-function]
   31 | static void prvTxTask( void *pvParameters );
      |             ^~~~~~~~~
../src/freertos_hello_world.c:32:13: warning: 'prvRxTask' declared 'static' but never defined [-Wunused-function]
   32 | static void prvRxTask( void *pvParameters );
      |             ^~~~~~~~~
../src/freertos_hello_world.c:33:13: warning: 'vTimerCallback' declared 'static' but never defined [-Wunused-function]
   33 | static void vTimerCallback( TimerHandle_t pxTimer );
      |             ^~~~~~~~~~~~~~
../src/freertos_hello_world.c:41:22: warning: 'xTimer' defined but not used [-Wunused-variable]
   41 | static TimerHandle_t xTimer = NULL;
      |                      ^~~~~~
../src/freertos_hello_world.c:40:22: warning: 'xQueue' defined but not used [-Wunused-variable]
   40 | static QueueHandle_t xQueue = NULL;
      |                      ^~~~~~
../src/freertos_hello_world.c:39:21: warning: 'xRxTask' defined but not used [-Wunused-variable]
   39 | static TaskHandle_t xRxTask;
      |                     ^~~~~~~
../src/freertos_hello_world.c:38:21: warning: 'xTxTask' defined but not used [-Wunused-variable]
   38 | static TaskHandle_t xTxTask;
      |                     ^~~~~~~
'Finished building: ../src/freertos_hello_world.c'
' '
'Building target: VDMA_TEST_2.elf'
'Invoking: ARM v7 gcc linker'
arm-none-eabi-gcc -mcpu=cortex-a9 -mfpu=vfpv3 -mfloat-abi=hard -Wl,-build-id=none -specs=Xilinx.spec -Wl,-T -Wl,../src/lscript.ld -LC:/XilinxDev/PBEAI3/EOS_PXL_2025/Pynq-Z2-Video/vitis/design_1_wrapper/export/design_1_wrapper/sw/design_1_wrapper/freertos10_xilinx_ps7_cortexa9_0/bsplib/lib -o "VDMA_TEST_2.elf"  ./src/freertos_hello_world.o  ./.metadata/.plugins/org.eclipse.cdt.make.core/specs.o   -lm -Wl,--start-group,-lxil,-lfreertos,-lgcc,-lc,--end-group -Wl,--start-group,-lxiltimer,-lxil,-lgcc,-lc,--end-group
'Finished building target: VDMA_TEST_2.elf'
' '
'Invoking: ARM v7 Print Size'
arm-none-eabi-size VDMA_TEST_2.elf  |tee "VDMA_TEST_2.elf.size"
   text	   data	    bss	    dec	    hex	filename
  96056	   4396	  88808	 189260	  2e34c	VDMA_TEST_2.elf
'Finished building: VDMA_TEST_2.elf.size'
' '
