11:27:56 **** Incremental Build of configuration Debug for project UDP_Server ****
make all 
make --no-print-directory pre-build
a9-linaro-pre-build-step
' '
make --no-print-directory main-build
'Building file: ../src/udp_perf_server.c'
'Invoking: ARM v7 gcc compiler'
arm-none-eabi-gcc -Wall -O0 -g3 -c -fmessage-length=0 -MT"src/udp_perf_server.o" -mcpu=cortex-a9 -mfpu=vfpv3 -mfloat-abi=hard -IC:/PXL/EOS_PXL_2025/Pynq-Z2-Video/vitis/design_1_wrapper_1_AND_LWIP/export/design_1_wrapper_1_AND_LWIP/sw/design_1_wrapper_1_AND_LWIP/freertos10_xilinx_ps7_cortexa9_0/bspinclude/include -MMD -MP -MF"src/udp_perf_server.d" -MT"src/udp_perf_server.o" -o "src/udp_perf_server.o" "../src/udp_perf_server.c"
../src/udp_perf_server.c:53:13: warning: 'stats_buffer' defined but not used [-Wunused-function]
   53 | static void stats_buffer(char* outString,
      |             ^~~~~~~~~~~~
'Finished building: ../src/udp_perf_server.c'
' '
'Building target: UDP_Server.elf'
'Invoking: ARM v7 gcc linker'
arm-none-eabi-gcc -mcpu=cortex-a9 -mfpu=vfpv3 -mfloat-abi=hard -Wl,-build-id=none -specs=Xilinx.spec -Wl,-T -Wl,../src/lscript.ld -LC:/PXL/EOS_PXL_2025/Pynq-Z2-Video/vitis/design_1_wrapper_1_AND_LWIP/export/design_1_wrapper_1_AND_LWIP/sw/design_1_wrapper_1_AND_LWIP/freertos10_xilinx_ps7_cortexa9_0/bsplib/lib -o "UDP_Server.elf"  ./src/tetris/visualiser.o  ./src/iic_phyreset.o ./src/main.o ./src/udp_perf_server.o   -lm -Wl,--start-group,-lxil,-lfreertos,-lgcc,-lc,--end-group -Wl,--start-group,-lxil,-llwip4,-lgcc,-lc,--end-group
'Finished building target: UDP_Server.elf'
' '
'Invoking: ARM v7 Print Size'
arm-none-eabi-size UDP_Server.elf  |tee "UDP_Server.elf.size"
   text	   data	    bss	    dec	    hex	filename
 209617	   4444	41023552	41237613	2753c6d	UDP_Server.elf
'Finished building: UDP_Server.elf.size'
' '

11:27:57 Build Finished (took 920ms)

