16:25:10 **** Incremental Build of configuration Debug for project VDMA_test ****
make all 
make --no-print-directory pre-build
a9-linaro-pre-build-step
' '
make --no-print-directory main-build
'Building file: ../src/freertos_hello_world.c'
'Invoking: ARM v7 gcc compiler'
arm-none-eabi-gcc -Wall -O0 -g3 -c -fmessage-length=0 -MT"src/freertos_hello_world.o" -mcpu=cortex-a9 -mfpu=vfpv3 -mfloat-abi=hard -IC:/PXL/EOS_PXL_2025/Pynq-Z2-Video/vitis/VDMA_Pynq-Z2-Video/export/VDMA_Pynq-Z2-Video/sw/VDMA_Pynq-Z2-Video/freertos10_xilinx_ps7_cortexa9_0/bspinclude/include -MMD -MP -MF"src/freertos_hello_world.d" -MT"src/freertos_hello_world.o" -o "src/freertos_hello_world.o" "../src/freertos_hello_world.c"
../src/freertos_hello_world.c:127:13: warning: 'vTimerCallback' defined but not used [-Wunused-function]
  127 | static void vTimerCallback( TimerHandle_t pxTimer )
      |             ^~~~~~~~~~~~~~
../src/freertos_hello_world.c:109:13: warning: 'prvRxTask' defined but not used [-Wunused-function]
  109 | static void prvRxTask( void *pvParameters )
      |             ^~~~~~~~~
../src/freertos_hello_world.c:91:13: warning: 'prvTxTask' defined but not used [-Wunused-function]
   91 | static void prvTxTask( void *pvParameters )
      |             ^~~~~~~~~
../src/freertos_hello_world.c:41:22: warning: 'xTimer' defined but not used [-Wunused-variable]
   41 | static TimerHandle_t xTimer = NULL;
      |                      ^~~~~~
'Finished building: ../src/freertos_hello_world.c'
' '
'Building target: VDMA_test.elf'
'Invoking: ARM v7 gcc linker'
arm-none-eabi-gcc -mcpu=cortex-a9 -mfpu=vfpv3 -mfloat-abi=hard -Wl,-build-id=none -specs=Xilinx.spec -Wl,-T -Wl,../src/lscript.ld -LC:/PXL/EOS_PXL_2025/Pynq-Z2-Video/vitis/VDMA_Pynq-Z2-Video/export/VDMA_Pynq-Z2-Video/sw/VDMA_Pynq-Z2-Video/freertos10_xilinx_ps7_cortexa9_0/bsplib/lib -o "VDMA_test.elf"  ./src/freertos_hello_world.o   -Wl,--start-group,-lxil,-lfreertos,-lgcc,-lc,--end-group -Wl,--start-group,-lxiltimer,-lxil,-lgcc,-lc,--end-group
'Finished building target: VDMA_test.elf'
' '
'Invoking: ARM v7 Print Size'
arm-none-eabi-size VDMA_test.elf  |tee "VDMA_test.elf.size"
   text	   data	    bss	    dec	    hex	filename
  86380	   3372	  88808	 178560	  2b980	VDMA_test.elf
'Finished building: VDMA_test.elf.size'
' '

16:25:12 Build Finished (took 1s.375ms)

