14:02:13 **** Incremental Build of configuration Debug for project hdmi ****
make all 
make --no-print-directory pre-build
a9-linaro-pre-build-step
' '
make --no-print-directory main-build
'Building file: ../src/helloworld.c'
'Invoking: ARM v7 gcc compiler'
arm-none-eabi-gcc -Wall -O0 -g3 -c -fmessage-length=0 -MT"src/helloworld.o" -mcpu=cortex-a9 -mfpu=vfpv3 -mfloat-abi=hard -IC:/EOS/Pynq-Z2-Video-main/baremetal/vitis/video_out_pynq_z2/export/video_out_pynq_z2/sw/video_out_pynq_z2/standalone_ps7_cortexa9_0/bspinclude/include -MMD -MP -MF"src/helloworld.d" -MT"src/helloworld.o" -o "src/helloworld.o" "../src/helloworld.c"
'Finished building: ../src/helloworld.c'
' '
'Building file: ../src/menu.c'
'Invoking: ARM v7 gcc compiler'
arm-none-eabi-gcc -Wall -O0 -g3 -c -fmessage-length=0 -MT"src/menu.o" -mcpu=cortex-a9 -mfpu=vfpv3 -mfloat-abi=hard -IC:/EOS/Pynq-Z2-Video-main/baremetal/vitis/video_out_pynq_z2/export/video_out_pynq_z2/sw/video_out_pynq_z2/standalone_ps7_cortexa9_0/bspinclude/include -MMD -MP -MF"src/menu.d" -MT"src/menu.o" -o "src/menu.o" "../src/menu.c"
'Finished building: ../src/menu.c'
' '
'Building file: ../src/platform.c'
'Invoking: ARM v7 gcc compiler'
arm-none-eabi-gcc -Wall -O0 -g3 -c -fmessage-length=0 -MT"src/platform.o" -mcpu=cortex-a9 -mfpu=vfpv3 -mfloat-abi=hard -IC:/EOS/Pynq-Z2-Video-main/baremetal/vitis/video_out_pynq_z2/export/video_out_pynq_z2/sw/video_out_pynq_z2/standalone_ps7_cortexa9_0/bspinclude/include -MMD -MP -MF"src/platform.d" -MT"src/platform.o" -o "src/platform.o" "../src/platform.c"
'Finished building: ../src/platform.c'
' '
'Building file: ../src/video_resolutions.c'
'Invoking: ARM v7 gcc compiler'
arm-none-eabi-gcc -Wall -O0 -g3 -c -fmessage-length=0 -MT"src/video_resolutions.o" -mcpu=cortex-a9 -mfpu=vfpv3 -mfloat-abi=hard -IC:/EOS/Pynq-Z2-Video-main/baremetal/vitis/video_out_pynq_z2/export/video_out_pynq_z2/sw/video_out_pynq_z2/standalone_ps7_cortexa9_0/bspinclude/include -MMD -MP -MF"src/video_resolutions.d" -MT"src/video_resolutions.o" -o "src/video_resolutions.o" "../src/video_resolutions.c"
'Finished building: ../src/video_resolutions.c'
' '
'Building target: hdmi.elf'
'Invoking: ARM v7 gcc linker'
arm-none-eabi-gcc -mcpu=cortex-a9 -mfpu=vfpv3 -mfloat-abi=hard -Wl,-build-id=none -specs=Xilinx.spec -Wl,-T -Wl,../src/lscript.ld -LC:/EOS/Pynq-Z2-Video-main/baremetal/vitis/video_out_pynq_z2/export/video_out_pynq_z2/sw/video_out_pynq_z2/standalone_ps7_cortexa9_0/bsplib/lib -o "hdmi.elf"  ./src/helloworld.o ./src/menu.o ./src/platform.o ./src/video_resolutions.o   -Wl,--start-group,-lxil,-lgcc,-lc,--end-group
'Finished building target: hdmi.elf'
' '
'Invoking: ARM v7 Print Size'
arm-none-eabi-size hdmi.elf  |tee "hdmi.elf.size"
   text	   data	    bss	    dec	    hex	filename
  66511	   1216	  22592	  90319	  160cf	hdmi.elf
'Finished building: hdmi.elf.size'
' '

14:02:15 Build Finished (took 1s.668ms)

