13:21:19 **** Incremental Build of configuration Debug for project hdmi ****
make all 
make --no-print-directory pre-build
a9-linaro-pre-build-step
' '
make --no-print-directory main-build
'Building file: ../src/freertos_hello_world.c'
'Invoking: ARM v7 gcc compiler'
arm-none-eabi-gcc -Wall -O0 -g3 -c -fmessage-length=0 -MT"src/freertos_hello_world.o" -mcpu=cortex-a9 -mfpu=vfpv3 -mfloat-abi=hard -IC:/EOS/EOS_PXL_2025/Pynq-Z2-Video/baremetal/vitis_workspace/video_out_pynq_z2/export/video_out_pynq_z2/sw/video_out_pynq_z2/freertos10_xilinx_ps7_cortexa9_0/bspinclude/include -MMD -MP -MF"src/freertos_hello_world.d" -MT"src/freertos_hello_world.o" -o "src/freertos_hello_world.o" "../src/freertos_hello_world.c"
'Finished building: ../src/freertos_hello_world.c'
' '
'Building file: ../src/menu.c'
'Invoking: ARM v7 gcc compiler'
arm-none-eabi-gcc -Wall -O0 -g3 -c -fmessage-length=0 -MT"src/menu.o" -mcpu=cortex-a9 -mfpu=vfpv3 -mfloat-abi=hard -IC:/EOS/EOS_PXL_2025/Pynq-Z2-Video/baremetal/vitis_workspace/video_out_pynq_z2/export/video_out_pynq_z2/sw/video_out_pynq_z2/freertos10_xilinx_ps7_cortexa9_0/bspinclude/include -MMD -MP -MF"src/menu.d" -MT"src/menu.o" -o "src/menu.o" "../src/menu.c"
'Finished building: ../src/menu.c'
' '
'Building file: ../src/video_resolutions.c'
'Invoking: ARM v7 gcc compiler'
arm-none-eabi-gcc -Wall -O0 -g3 -c -fmessage-length=0 -MT"src/video_resolutions.o" -mcpu=cortex-a9 -mfpu=vfpv3 -mfloat-abi=hard -IC:/EOS/EOS_PXL_2025/Pynq-Z2-Video/baremetal/vitis_workspace/video_out_pynq_z2/export/video_out_pynq_z2/sw/video_out_pynq_z2/freertos10_xilinx_ps7_cortexa9_0/bspinclude/include -MMD -MP -MF"src/video_resolutions.d" -MT"src/video_resolutions.o" -o "src/video_resolutions.o" "../src/video_resolutions.c"
'Finished building: ../src/video_resolutions.c'
' '
'Building target: hdmi.elf'
'Invoking: ARM v7 gcc linker'
arm-none-eabi-gcc -mcpu=cortex-a9 -mfpu=vfpv3 -mfloat-abi=hard -Wl,-build-id=none -specs=Xilinx.spec -Wl,-T -Wl,../src/lscript.ld -LC:/EOS/EOS_PXL_2025/Pynq-Z2-Video/baremetal/vitis_workspace/video_out_pynq_z2/export/video_out_pynq_z2/sw/video_out_pynq_z2/freertos10_xilinx_ps7_cortexa9_0/bsplib/lib -o "hdmi.elf"  ./src/freertos_hello_world.o ./src/menu.o ./src/video_resolutions.o   -Wl,--start-group,-lxil,-lfreertos,-lgcc,-lc,--end-group -Wl,--start-group,-lxiltimer,-lxil,-lgcc,-lc,--end-group
'Finished building target: hdmi.elf'
' '
'Invoking: ARM v7 Print Size'
arm-none-eabi-size hdmi.elf  |tee "hdmi.elf.size"
   text	   data	    bss	    dec	    hex	filename
 128532	   3424	  88792	 220748	  35e4c	hdmi.elf
'Finished building: hdmi.elf.size'
' '

13:21:21 Build Finished (took 1s.459ms)

