#-----------------------------------------------------------
# Vivado v2024.1 (64-bit)
# SW Build 5076996 on Wed May 22 18:37:14 MDT 2024
# IP Build 5075265 on Wed May 22 21:45:21 MDT 2024
# SharedData Build 5076995 on Wed May 22 18:29:18 MDT 2024
# Start of session at: Tue Nov 19 12:02:23 2024
# Process ID: 14968
# Current directory: C:/Users/Cey/test/Pynq-Z2-Video/hw/hw_proj/hw_proj.runs/impl_1
# Command line: vivado.exe -log video_out_pynq_z2_wrapper.vdi -applog -product Vivado -messageDb vivado.pb -mode batch -source video_out_pynq_z2_wrapper.tcl -notrace
# Log file: C:/Users/Cey/test/Pynq-Z2-Video/hw/hw_proj/hw_proj.runs/impl_1/video_out_pynq_z2_wrapper.vdi
# Journal file: C:/Users/Cey/test/Pynq-Z2-Video/hw/hw_proj/hw_proj.runs/impl_1\vivado.jou
# Running On        :MSI
# Platform          :Windows Server 2016 or Windows 10
# Operating System  :22631
# Processor Detail  :12th Gen Intel(R) Core(TM) i7-12700H
# CPU Frequency     :2688 MHz
# CPU Physical cores:14
# CPU Logical cores :20
# Host memory       :34116 MB
# Swap memory       :2147 MB
# Total Virtual     :36264 MB
# Available Virtual :23126 MB
#-----------------------------------------------------------
source video_out_pynq_z2_wrapper.tcl -notrace
